book:
  - name: Ukraine
    title: UA
    id: 3
  - name: groovy:(value != null && value.contains('Poland'))
    title: PL
    id: 4
  - name: Lithuania
    title: LT
    id: 5