book:
  - name: Test New
    about: about
    title: TN